<?xml version="1.0" encoding="utf-8"?><testsuites name="pytest tests"><testsuite name="pytest" errors="1" failures="2" skipped="0" tests="414" time="351.284" timestamp="2026-07-23T17:02:35.439367+05:30" hostname="DESKTOP-23J5BQ7"><testcase classname="integration.test_patients_crud" name="test_add_patient[John Doe-30-Male-200_0]" time="0.003" /><testcase classname="integration.test_patients_crud" name="test_add_patient[-30-Male-400_0]" time="0.002" /><testcase classname="integration.test_patients_crud" name="test_add_patient[Jane Doe--5-Female-400_0]" time="0.002" /><testcase classname="integration.test_patients_crud" name="test_add_patient[Alex-25-Other-200_0]" time="0.001" /><testcase classname="integration.test_patients_crud" name="test_add_patient[John Doe-30-Male-200_1]" time="0.001" /><testcase classname="integration.test_patients_crud" name="test_add_patient[-30-Male-400_1]" time="0.001" /><testcase classname="integration.test_patients_crud" name="test_add_patient[Jane Doe--5-Female-400_1]" time="0.001" /><testcase classname="integration.test_patients_crud" name="test_add_patient[Alex-25-Other-200_1]" time="0.002" /><testcase classname="integration.test_patients_crud" name="test_add_patient[John Doe-30-Male-200_2]" time="0.001" /><testcase classname="integration.test_patients_crud" name="test_add_patient[-30-Male-400_2]" time="0.001" /><testcase classname="integration.test_patients_crud" name="test_add_patient[Jane Doe--5-Female-400_2]" time="0.001" /><testcase classname="integration.test_patients_crud" name="test_add_patient[Alex-25-Other-200_2]" time="0.001" /><testcase classname="integration.test_patients_crud" name="test_add_patient[John Doe-30-Male-200_3]" time="0.001" /><testcase classname="integration.test_patients_crud" name="test_add_patient[-30-Male-400_3]" time="0.001" /><testcase classname="integration.test_patients_crud" name="test_add_patient[Jane Doe--5-Female-400_3]" time="0.002" /><testcase classname="integration.test_patients_crud" name="test_add_patient[Alex-25-Other-200_3]" time="0.002" /><testcase classname="integration.test_patients_crud" name="test_add_patient[John Doe-30-Male-200_4]" time="0.002" /><testcase classname="integration.test_patients_crud" name="test_add_patient[-30-Male-400_4]" time="0.002" /><testcase classname="integration.test_patients_crud" name="test_add_patient[Jane Doe--5-Female-400_4]" time="0.002" /><testcase classname="integration.test_patients_crud" name="test_add_patient[Alex-25-Other-200_4]" time="0.002" /><testcase classname="integration.test_patients_crud" name="test_add_patient[John Doe-30-Male-200_5]" time="0.001" /><testcase classname="integration.test_patients_crud" name="test_add_patient[-30-Male-400_5]" time="0.001" /><testcase classname="integration.test_patients_crud" name="test_add_patient[Jane Doe--5-Female-400_5]" time="0.001" /><testcase classname="integration.test_patients_crud" name="test_add_patient[Alex-25-Other-200_5]" time="0.003" /><testcase classname="integration.test_patients_crud" name="test_add_patient[John Doe-30-Male-200_6]" time="0.002" /><testcase classname="integration.test_patients_crud" name="test_add_patient[-30-Male-400_6]" time="0.002" /><testcase classname="integration.test_patients_crud" name="test_add_patient[Jane Doe--5-Female-400_6]" time="0.001" /><testcase classname="integration.test_patients_crud" name="test_add_patient[Alex-25-Other-200_6]" time="0.003" /><testcase classname="integration.test_patients_crud" name="test_add_patient[John Doe-30-Male-200_7]" time="0.002" /><testcase classname="integration.test_patients_crud" name="test_add_patient[-30-Male-400_7]" time="0.001" /><testcase classname="integration.test_patients_crud" name="test_add_patient[Jane Doe--5-Female-400_7]" time="0.001" /><testcase classname="integration.test_patients_crud" name="test_add_patient[Alex-25-Other-200_7]" time="0.001" /><testcase classname="integration.test_patients_crud" name="test_add_patient[John Doe-30-Male-200_8]" time="0.001" /><testcase classname="integration.test_patients_crud" name="test_add_patient[-30-Male-400_8]" time="0.002" /><testcase classname="integration.test_patients_crud" name="test_add_patient[Jane Doe--5-Female-400_8]" time="0.001" /><testcase classname="integration.test_patients_crud" name="test_add_patient[Alex-25-Other-200_8]" time="0.001" /><testcase classname="integration.test_patients_crud" name="test_add_patient[John Doe-30-Male-200_9]" time="0.001" /><testcase classname="integration.test_patients_crud" name="test_add_patient[-30-Male-400_9]" time="0.001" /><testcase classname="integration.test_patients_crud" name="test_add_patient[Jane Doe--5-Female-400_9]" time="0.001" /><testcase classname="integration.test_patients_crud" name="test_add_patient[Alex-25-Other-200_9]" time="0.001" /><testcase classname="integration.test_patients_crud" name="test_delete_patient[valid_id_1-200_0]" time="0.001" /><testcase classname="integration.test_patients_crud" name="test_delete_patient[valid_id_2-200_0]" time="0.002" /><testcase classname="integration.test_patients_crud" name="test_delete_patient[invalid_id-404_0]" time="0.002" /><testcase classname="integration.test_patients_crud" name="test_delete_patient[-404_0]" time="0.002" /><testcase classname="integration.test_patients_crud" name="test_delete_patient[valid_id_1-200_1]" time="0.001" /><testcase classname="integration.test_patients_crud" name="test_delete_patient[valid_id_2-200_1]" time="0.001" /><testcase classname="integration.test_patients_crud" name="test_delete_patient[invalid_id-404_1]" time="0.002" /><testcase classname="integration.test_patients_crud" name="test_delete_patient[-404_1]" time="0.001" /><testcase classname="integration.test_patients_crud" name="test_delete_patient[valid_id_1-200_2]" time="0.001" /><testcase classname="integration.test_patients_crud" name="test_delete_patient[valid_id_2-200_2]" time="0.001" /><testcase classname="integration.test_patients_crud" name="test_delete_patient[invalid_id-404_2]" time="0.001" /><testcase classname="integration.test_patients_crud" name="test_delete_patient[-404_2]" time="0.002" /><testcase classname="integration.test_patients_crud" name="test_delete_patient[valid_id_1-200_3]" time="0.002" /><testcase classname="integration.test_patients_crud" name="test_delete_patient[valid_id_2-200_3]" time="0.001" /><testcase classname="integration.test_patients_crud" name="test_delete_patient[invalid_id-404_3]" time="0.001" /><testcase classname="integration.test_patients_crud" name="test_delete_patient[-404_3]" time="0.001" /><testcase classname="integration.test_patients_crud" name="test_delete_patient[valid_id_1-200_4]" time="0.001" /><testcase classname="integration.test_patients_crud" name="test_delete_patient[valid_id_2-200_4]" time="0.001" /><testcase classname="integration.test_patients_crud" name="test_delete_patient[invalid_id-404_4]" time="0.001" /><testcase classname="integration.test_patients_crud" name="test_delete_patient[-404_4]" time="0.001" /><testcase classname="integration.test_patients_crud" name="test_delete_patient[valid_id_1-200_5]" time="0.001" /><testcase classname="integration.test_patients_crud" name="test_delete_patient[valid_id_2-200_5]" time="0.001" /><testcase classname="integration.test_patients_crud" name="test_delete_patient[invalid_id-404_5]" time="0.001" /><testcase classname="integration.test_patients_crud" name="test_delete_patient[-404_5]" time="0.001" /><testcase classname="integration.test_patients_crud" name="test_delete_patient[valid_id_1-200_6]" time="0.001" /><testcase classname="integration.test_patients_crud" name="test_delete_patient[valid_id_2-200_6]" time="0.001" /><testcase classname="integration.test_patients_crud" name="test_delete_patient[invalid_id-404_6]" time="0.001" /><testcase classname="integration.test_patients_crud" name="test_delete_patient[-404_6]" time="0.002" /><testcase classname="integration.test_patients_crud" name="test_delete_patient[valid_id_1-200_7]" time="0.002" /><testcase classname="integration.test_patients_crud" name="test_delete_patient[valid_id_2-200_7]" time="0.002" /><testcase classname="integration.test_patients_crud" name="test_delete_patient[invalid_id-404_7]" time="0.001" /><testcase classname="integration.test_patients_crud" name="test_delete_patient[-404_7]" time="0.002" /><testcase classname="integration.test_patients_crud" name="test_delete_patient[valid_id_1-200_8]" time="0.002" /><testcase classname="integration.test_patients_crud" name="test_delete_patient[valid_id_2-200_8]" time="0.002" /><testcase classname="integration.test_patients_crud" name="test_delete_patient[invalid_id-404_8]" time="0.001" /><testcase classname="integration.test_patients_crud" name="test_delete_patient[-404_8]" time="0.001" /><testcase classname="integration.test_patients_crud" name="test_delete_patient[valid_id_1-200_9]" time="0.002" /><testcase classname="integration.test_patients_crud" name="test_delete_patient[valid_id_2-200_9]" time="0.001" /><testcase classname="integration.test_patients_crud" name="test_delete_patient[invalid_id-404_9]" time="0.001" /><testcase classname="integration.test_patients_crud" name="test_delete_patient[-404_9]" time="0.001" /><testcase classname="integration.test_real_app" name="test_public_routes[/-302_0]" time="0.014" /><testcase classname="integration.test_real_app" name="test_public_routes[/login-200_0]" time="0.019" /><testcase classname="integration.test_real_app" name="test_public_routes[/signup-200_0]" time="0.008" /><testcase classname="integration.test_real_app" name="test_public_routes[/-302_1]" time="0.004" /><testcase classname="integration.test_real_app" name="test_public_routes[/login-200_1]" time="0.002" /><testcase classname="integration.test_real_app" name="test_public_routes[/signup-200_1]" time="0.005" /><testcase classname="integration.test_real_app" name="test_public_routes[/-302_2]" time="0.002" /><testcase classname="integration.test_real_app" name="test_public_routes[/login-200_2]" time="0.002" /><testcase classname="integration.test_real_app" name="test_public_routes[/signup-200_2]" time="0.004" /><testcase classname="integration.test_real_app" name="test_public_routes[/-302_3]" time="0.004" /><testcase classname="integration.test_real_app" name="test_public_routes[/login-200_3]" time="0.004" /><testcase classname="integration.test_real_app" name="test_public_routes[/signup-200_3]" time="0.004" /><testcase classname="integration.test_real_app" name="test_public_routes[/-302_4]" time="0.004" /><testcase classname="integration.test_real_app" name="test_public_routes[/login-200_4]" time="0.003" /><testcase classname="integration.test_real_app" name="test_public_routes[/signup-200_4]" time="0.002" /><testcase classname="integration.test_real_app" name="test_public_routes[/-302_5]" time="0.002" /><testcase classname="integration.test_real_app" name="test_public_routes[/login-200_5]" time="0.002" /><testcase classname="integration.test_real_app" name="test_public_routes[/signup-200_5]" time="0.003" /><testcase classname="integration.test_real_app" name="test_public_routes[/-302_6]" time="0.003" /><testcase classname="integration.test_real_app" name="test_public_routes[/login-200_6]" time="0.002" /><testcase classname="integration.test_real_app" name="test_public_routes[/signup-200_6]" time="0.002" /><testcase classname="integration.test_real_app" name="test_public_routes[/-302_7]" time="0.002" /><testcase classname="integration.test_real_app" name="test_public_routes[/login-200_7]" time="0.004" /><testcase classname="integration.test_real_app" name="test_public_routes[/signup-200_7]" time="0.002" /><testcase classname="integration.test_real_app" name="test_public_routes[/-302_8]" time="0.002" /><testcase classname="integration.test_real_app" name="test_public_routes[/login-200_8]" time="0.002" /><testcase classname="integration.test_real_app" name="test_public_routes[/signup-200_8]" time="0.003" /><testcase classname="integration.test_real_app" name="test_public_routes[/-302_9]" time="0.002" /><testcase classname="integration.test_real_app" name="test_public_routes[/login-200_9]" time="0.002" /><testcase classname="integration.test_real_app" name="test_public_routes[/signup-200_9]" time="0.002" /><testcase classname="integration.test_real_app" name="test_signup_post[test1@gmail.com-pass1_0]" time="0.955" /><testcase classname="integration.test_real_app" name="test_signup_post[test2@gmail.com-pass2_0]" time="0.084" /><testcase classname="integration.test_real_app" name="test_signup_post[test3@gmail.com-pass3_0]" time="0.168" /><testcase classname="integration.test_real_app" name="test_signup_post[test1@gmail.com-pass1_1]" time="0.145" /><testcase classname="integration.test_real_app" name="test_signup_post[test2@gmail.com-pass2_1]" time="0.084" /><testcase classname="integration.test_real_app" name="test_signup_post[test3@gmail.com-pass3_1]" time="0.085" /><testcase classname="integration.test_real_app" name="test_signup_post[test1@gmail.com-pass1_2]" time="0.096" /><testcase classname="integration.test_real_app" name="test_signup_post[test2@gmail.com-pass2_2]" time="0.104" /><testcase classname="integration.test_real_app" name="test_signup_post[test3@gmail.com-pass3_2]" time="0.120" /><testcase classname="integration.test_real_app" name="test_signup_post[test1@gmail.com-pass1_3]" time="0.150" /><testcase classname="integration.test_real_app" name="test_signup_post[test2@gmail.com-pass2_3]" time="0.154" /><testcase classname="integration.test_real_app" name="test_signup_post[test3@gmail.com-pass3_3]" time="0.109" /><testcase classname="integration.test_real_app" name="test_signup_post[test1@gmail.com-pass1_4]" time="0.105" /><testcase classname="integration.test_real_app" name="test_signup_post[test2@gmail.com-pass2_4]" time="0.107" /><testcase classname="integration.test_real_app" name="test_signup_post[test3@gmail.com-pass3_4]" time="0.130" /><testcase classname="integration.test_real_app" name="test_signup_post[test1@gmail.com-pass1_5]" time="0.113" /><testcase classname="integration.test_real_app" name="test_signup_post[test2@gmail.com-pass2_5]" time="0.113" /><testcase classname="integration.test_real_app" name="test_signup_post[test3@gmail.com-pass3_5]" time="0.132" /><testcase classname="integration.test_real_app" name="test_signup_post[test1@gmail.com-pass1_6]" time="0.062" /><testcase classname="integration.test_real_app" name="test_signup_post[test2@gmail.com-pass2_6]" time="0.084" /><testcase classname="integration.test_real_app" name="test_signup_post[test3@gmail.com-pass3_6]" time="0.091" /><testcase classname="integration.test_real_app" name="test_signup_post[test1@gmail.com-pass1_7]" time="0.071" /><testcase classname="integration.test_real_app" name="test_signup_post[test2@gmail.com-pass2_7]" time="0.093" /><testcase classname="integration.test_real_app" name="test_signup_post[test3@gmail.com-pass3_7]" time="0.081" /><testcase classname="integration.test_real_app" name="test_signup_post[test1@gmail.com-pass1_8]" time="0.204" /><testcase classname="integration.test_real_app" name="test_signup_post[test2@gmail.com-pass2_8]" time="0.088" /><testcase classname="integration.test_real_app" name="test_signup_post[test3@gmail.com-pass3_8]" time="0.131" /><testcase classname="integration.test_real_app" name="test_signup_post[test1@gmail.com-pass1_9]" time="0.059" /><testcase classname="integration.test_real_app" name="test_signup_post[test2@gmail.com-pass2_9]" time="0.074" /><testcase classname="integration.test_real_app" name="test_signup_post[test3@gmail.com-pass3_9]" time="0.094" /><testcase classname="integration.test_real_app" name="test_login_post[test1@gmail.com-pass1_0]" time="0.224" /><testcase classname="integration.test_real_app" name="test_login_post[test2@gmail.com-pass2_0]" time="0.204" /><testcase classname="integration.test_real_app" name="test_login_post[wrong@gmail.com-wrong0]" time="0.081" /><testcase classname="integration.test_real_app" name="test_login_post[test1@gmail.com-pass1_1]" time="0.708" /><testcase classname="integration.test_real_app" name="test_login_post[test2@gmail.com-pass2_1]" time="0.182" /><testcase classname="integration.test_real_app" name="test_login_post[wrong@gmail.com-wrong1]" time="0.058" /><testcase classname="integration.test_real_app" name="test_login_post[test1@gmail.com-pass1_2]" time="0.188" /><testcase classname="integration.test_real_app" name="test_login_post[test2@gmail.com-pass2_2]" time="0.212" /><testcase classname="integration.test_real_app" name="test_login_post[wrong@gmail.com-wrong2]" time="0.097" /><testcase classname="integration.test_real_app" name="test_login_post[test1@gmail.com-pass1_3]" time="0.209" /><testcase classname="integration.test_real_app" name="test_login_post[test2@gmail.com-pass2_3]" time="0.176" /><testcase classname="integration.test_real_app" name="test_login_post[wrong@gmail.com-wrong3]" time="0.054" /><testcase classname="integration.test_real_app" name="test_login_post[test1@gmail.com-pass1_4]" time="0.194" /><testcase classname="integration.test_real_app" name="test_login_post[test2@gmail.com-pass2_4]" time="0.204" /><testcase classname="integration.test_real_app" name="test_login_post[wrong@gmail.com-wrong4]" time="0.129" /><testcase classname="integration.test_real_app" name="test_login_post[test1@gmail.com-pass1_5]" time="0.238" /><testcase classname="integration.test_real_app" name="test_login_post[test2@gmail.com-pass2_5]" time="0.235" /><testcase classname="integration.test_real_app" name="test_login_post[wrong@gmail.com-wrong5]" time="0.106" /><testcase classname="integration.test_real_app" name="test_login_post[test1@gmail.com-pass1_6]" time="0.206" /><testcase classname="integration.test_real_app" name="test_login_post[test2@gmail.com-pass2_6]" time="0.183" /><testcase classname="integration.test_real_app" name="test_login_post[wrong@gmail.com-wrong6]" time="0.057" /><testcase classname="integration.test_real_app" name="test_login_post[test1@gmail.com-pass1_7]" time="0.221" /><testcase classname="integration.test_real_app" name="test_login_post[test2@gmail.com-pass2_7]" time="0.181" /><testcase classname="integration.test_real_app" name="test_login_post[wrong@gmail.com-wrong7]" time="0.070" /><testcase classname="integration.test_real_app" name="test_login_post[test1@gmail.com-pass1_8]" time="0.196" /><testcase classname="integration.test_real_app" name="test_login_post[test2@gmail.com-pass2_8]" time="0.201" /><testcase classname="integration.test_real_app" name="test_login_post[wrong@gmail.com-wrong8]" time="0.111" /><testcase classname="integration.test_real_app" name="test_login_post[test1@gmail.com-pass1_9]" time="0.193" /><testcase classname="integration.test_real_app" name="test_login_post[test2@gmail.com-pass2_9]" time="0.253" /><testcase classname="integration.test_real_app" name="test_login_post[wrong@gmail.com-wrong9]" time="0.204" /><testcase classname="security.test_auth_validation" name="test_ui_unauthenticated_access_redirects[/dashboard]" time="0.390" /><testcase classname="security.test_auth_validation" name="test_ui_unauthenticated_access_redirects[/patients]" time="0.203" /><testcase classname="security.test_auth_validation" name="test_ui_unauthenticated_access_redirects[/patients/add]" time="0.224" /><testcase classname="security.test_auth_validation" name="test_ui_unauthenticated_access_redirects[/patients/pat1/edit]" time="0.211" /><testcase classname="security.test_auth_validation" name="test_ui_unauthenticated_access_redirects[/diagnose]" time="0.219" /><testcase classname="security.test_auth_validation" name="test_ui_unauthenticated_access_redirects[/reports]" time="0.215" /><testcase classname="security.test_auth_validation" name="test_api_unauthenticated_access_returns_401[/api/dashboard-GET]" time="0.210" /><testcase classname="security.test_auth_validation" name="test_api_unauthenticated_access_returns_401[/api/patients-GET]" time="0.196" /><testcase classname="security.test_auth_validation" name="test_api_unauthenticated_access_returns_401[/api/patients/add-POST]" time="0.220" /><testcase classname="security.test_auth_validation" name="test_api_unauthenticated_access_returns_401[/api/patients/pat1/edit-PUT]" time="0.209" /><testcase classname="security.test_auth_validation" name="test_api_unauthenticated_access_returns_401[/api/patients/pat1/delete-DELETE]" time="0.205" /><testcase classname="security.test_auth_validation" name="test_api_unauthenticated_access_returns_401[/api/reports-GET]" time="0.199" /><testcase classname="security.test_auth_validation" name="test_api_diagnose_unauthenticated_access_returns_400" time="0.262" /><testcase classname="security.test_input_boundaries" name="test_patient_name_boundaries[0]" time="0.010" /><testcase classname="security.test_input_boundaries" name="test_patient_name_boundaries[1]" time="0.005" /><testcase classname="security.test_input_boundaries" name="test_patient_name_boundaries[255]" time="0.007" /><testcase classname="security.test_input_boundaries" name="test_patient_name_boundaries[10000]" time="0.003" /><testcase classname="security.test_input_boundaries" name="test_patient_age_boundaries[-1]" time="0.005" /><testcase classname="security.test_input_boundaries" name="test_patient_age_boundaries[0]" time="0.006" /><testcase classname="security.test_input_boundaries" name="test_patient_age_boundaries[150]" time="0.005" /><testcase classname="security.test_input_boundaries" name="test_patient_age_boundaries[999]" time="0.006" /><testcase classname="security.test_input_boundaries" name="test_patient_age_boundaries[invalid]" time="0.006" /><testcase classname="security.test_input_boundaries" name="test_patient_age_boundaries[None]" time="0.006" /><testcase classname="security.test_input_boundaries" name="test_patient_name_special_characters[Test User !@#$%^&amp;*()_+]" time="0.006" /><testcase classname="security.test_input_boundaries" name="test_patient_name_special_characters[User\nWith\nNewlines]" time="0.005" /><testcase classname="security.test_input_boundaries" name="test_patient_name_special_characters[User\tWith\tTabs]" time="0.006" /><testcase classname="security.test_input_boundaries" name="test_patient_name_special_characters[User\x00With\x00Nulls]" time="0.004" /><testcase classname="test_api_endpoints" name="test_api_signup_success" time="0.135" /><testcase classname="test_api_endpoints" name="test_api_login_success" time="0.262" /><testcase classname="test_api_endpoints" name="test_api_login_invalid_credentials" time="0.003" /><testcase classname="test_api_endpoints" name="test_api_dashboard_stats" time="0.002" /><testcase classname="test_api_endpoints" name="test_api_patient_crud_lifecycle" time="0.004" /><testcase classname="test_api_endpoints" name="test_api_reports_list" time="0.005" /><testcase classname="test_api_endpoints" name="test_api_diagnose_endpoint" time="0.072" /><testcase classname="test_auth" name="test_login_flow" time="14.180" /><testcase classname="test_diagnosis_workflow" name="test_diagnosis_workflow" time="11.151"><failure message="assert 'Diagnosis Result' in '&lt;html lang=&quot;en&quot;&gt;&lt;head&gt;\n    &lt;meta charset=&quot;utf-8&quot;&gt;\n    &lt;meta name=&quot;viewport&quot; content=&quot;width=device-width, initial-sc...ript&gt;\n    &lt;script src=&quot;https://cdn.jsdelivr.net/npm/chart.js@4.4.3/dist/chart.umd.min.js&quot;&gt;&lt;/script&gt;\n\n&lt;/body&gt;&lt;/html&gt;'&#10; +  where '&lt;html lang=&quot;en&quot;&gt;&lt;head&gt;\n    &lt;meta charset=&quot;utf-8&quot;&gt;\n    &lt;meta name=&quot;viewport&quot; content=&quot;width=device-width, initial-sc...ript&gt;\n    &lt;script src=&quot;https://cdn.jsdelivr.net/npm/chart.js@4.4.3/dist/chart.umd.min.js&quot;&gt;&lt;/script&gt;\n\n&lt;/body&gt;&lt;/html&gt;' = &lt;selenium.webdriver.chrome.webdriver.WebDriver (session=&quot;367030442cb6e15d03764e968cc727ec&quot;)&gt;.page_source">@pytest.mark.skipif(not server_available(), reason="Flask app is not running")
    def test_diagnosis_workflow():
        driver = make_driver()
        image_path = create_test_image()
        email = f"workflow_{uuid.uuid4().hex[:8]}@example.com"
        password = "SecurePass123"
        try:
            driver.get(f"{BASE_URL}/signup")
            driver.find_element(By.NAME, "name").send_keys("Workflow Tester")
            driver.find_element(By.NAME, "email").send_keys(email)
            driver.find_element(By.NAME, "password").send_keys(password)
            driver.find_element(By.CSS_SELECTOR, "button[type='submit']").click()
    
            driver.find_element(By.NAME, "email").send_keys(email)
            driver.find_element(By.NAME, "password").send_keys(password)
            driver.find_element(By.CSS_SELECTOR, "button[type='submit']").click()
    
            driver.get(f"{BASE_URL}/patients/add")
            driver.find_element(By.NAME, "full_name").send_keys("Workflow Patient")
            driver.find_element(By.NAME, "age").send_keys("55")
            driver.find_element(By.NAME, "phone").send_keys("5551234567")
            driver.find_element(By.CSS_SELECTOR, "button[type='submit']").click()
    
            driver.get(f"{BASE_URL}/diagnose")
            driver.find_element(By.CSS_SELECTOR, "select[name='patient_id'] option:nth-child(2)").click()
            driver.find_element(By.NAME, "image").send_keys(image_path)
            driver.find_element(By.CSS_SELECTOR, "button[type='submit']").click()
            time.sleep(1)
    
&gt;           assert "Diagnosis Result" in driver.page_source
E           assert 'Diagnosis Result' in '&lt;html lang="en"&gt;&lt;head&gt;\n    &lt;meta charset="utf-8"&gt;\n    &lt;meta name="viewport" content="width=device-width, initial-sc...ript&gt;\n    &lt;script src="https://cdn.jsdelivr.net/npm/chart.js@4.4.3/dist/chart.umd.min.js"&gt;&lt;/script&gt;\n\n&lt;/body&gt;&lt;/html&gt;'
E            +  where '&lt;html lang="en"&gt;&lt;head&gt;\n    &lt;meta charset="utf-8"&gt;\n    &lt;meta name="viewport" content="width=device-width, initial-sc...ript&gt;\n    &lt;script src="https://cdn.jsdelivr.net/npm/chart.js@4.4.3/dist/chart.umd.min.js"&gt;&lt;/script&gt;\n\n&lt;/body&gt;&lt;/html&gt;' = &lt;selenium.webdriver.chrome.webdriver.WebDriver (session="367030442cb6e15d03764e968cc727ec")&gt;.page_source

tests\test_diagnosis_workflow.py:68: AssertionError</failure></testcase><testcase classname="test_flask_app" name="test_index_redirects_to_login" time="0.005" /><testcase classname="test_flask_app" name="test_signup_creates_user_and_redirects_to_login" time="0.135" /><testcase classname="test_flask_app" name="test_login_authenticates_existing_user_and_redirects_to_dashboard" time="0.337" /><testcase classname="test_flask_app" name="test_patients_page_requires_login" time="0.005" /><testcase classname="test_flask_app" name="test_add_patient_saves_patient_for_logged_in_user" time="0.289" /><testcase classname="test_flask_app" name="test_diagnose_route_saves_diagnosis_for_valid_input" time="0.405" /><testcase classname="test_flask_app" name="test_reports_page_returns_search_results" time="0.275" /><testcase classname="test_flask_app" name="test_allowed_file_accepts_expected_extensions" time="0.001" /><testcase classname="test_flask_app" name="test_preprocess_image_returns_expected_shape" time="0.007" /><testcase classname="test_upload" name="test_upload_image" time="9.116"><failure message="selenium.common.exceptions.NoSuchElementException: Message: no such element: Unable to locate element: {&quot;method&quot;:&quot;css selector&quot;,&quot;selector&quot;:&quot;[name=&quot;full_name&quot;]&quot;}&#10;  (Session info: chrome=150.0.7871.129); For documentation on this error, please visit: https://www.selenium.dev/documentation/webdriver/troubleshooting/errors#nosuchelementexception&#10;Stacktrace:&#10;&#09;chromedriver!GetHandleVerifier [0x7ff7d0140d25+155a5]&#10;&#09;chromedriver!GetHandleVerifier [0x7ff7d0140d80+15600]&#10;&#09;chromedriver!(No symbol) [0x7ff7cfc9594d]&#10;&#09;chromedriver!(No symbol) [0x7ff7cfcf08e9]&#10;&#09;chromedriver!(No symbol) [0x7ff7cfcf0bec]&#10;&#09;chromedriver!(No symbol) [0x7ff7cfd41437]&#10;&#09;chromedriver!(No symbol) [0x7ff7cfd3e01b]&#10;&#09;chromedriver!(No symbol) [0x7ff7cfce2e6c]&#10;&#09;chromedriver!(No symbol) [0x7ff7cfce3d93]&#10;&#09;chromedriver!GetHandleVerifier [0x7ff7d0726431+5facb1]&#10;&#09;chromedriver!GetHandleVerifier [0x7ff7d0720a9b+5f531b]&#10;&#09;chromedriver!GetHandleVerifier [0x7ff7d0745865+61a0e5]&#10;&#09;chromedriver!GetHandleVerifier [0x7ff7d015dace+3234e]&#10;&#09;chromedriver!GetHandleVerifier [0x7ff7d016661c+3ae9c]&#10;&#09;chromedriver!GetHandleVerifier [0x7ff7d014ab74+1f3f4]&#10;&#09;chromedriver!GetHandleVerifier [0x7ff7d014ad04+1f584]&#10;&#09;chromedriver!GetHandleVerifier [0x7ff7d012d9d7+2257]&#10;&#09;KERNEL32!BaseThreadInitThunk [0x7fffeaa8e957+17]&#10;&#09;ntdll!RtlUserThreadStart [0x7fffec4aad6c+2c]">@pytest.mark.skipif(not server_available(), reason="Flask app is not running")
    def test_upload_image():
        driver = make_driver()
        image_path = create_test_image()
        try:
            signup_and_login(driver)
&gt;           create_patient(driver)

tests\test_upload.py:65: 
_ _ _ _ _ _ _ _ _ _ _ _ _ _ _ _ _ _ _ _ _ _ _ _ _ _ _ _ _ _ _ _ _ _ _ _ _ _ _ _
tests\test_upload.py:47: in create_patient
    driver.find_element(By.NAME, "full_name").send_keys("Upload Patient")
    ^^^^^^^^^^^^^^^^^^^^^^^^^^^^^^^^^^^^^^^^^
venv\Lib\site-packages\selenium\webdriver\remote\webdriver.py:922: in find_element
    return self.execute(Command.FIND_ELEMENT, {"using": by, "value": value})["value"]
           ^^^^^^^^^^^^^^^^^^^^^^^^^^^^^^^^^^^^^^^^^^^^^^^^^^^^^^^^^^^^^^^^^
venv\Lib\site-packages\selenium\webdriver\remote\webdriver.py:454: in execute
    self.error_handler.check_response(response)
_ _ _ _ _ _ _ _ _ _ _ _ _ _ _ _ _ _ _ _ _ _ _ _ _ _ _ _ _ _ _ _ _ _ _ _ _ _ _ _

self = &lt;selenium.webdriver.remote.errorhandler.ErrorHandler object at 0x0000028365EE7710&gt;
response = {'status': 404, 'value': '{"value":{"error":"no such element","message":"no such element: Unable to locate element: {\...7+2257]\\n\\tKERNEL32!BaseThreadInitThunk [0x7fffeaa8e957+17]\\n\\tntdll!RtlUserThreadStart [0x7fffec4aad6c+2c]\\n"}}'}

    def check_response(self, response: dict[str, Any]) -&gt; None:
        """Checks that a JSON response from the WebDriver does not have an
        error.
    
        :Args:
         - response - The JSON response from the WebDriver server as a dictionary
           object.
    
        :Raises: If the response contains an error message.
        """
        status = response.get("status", None)
        if not status or status == ErrorCode.SUCCESS:
            return
        value = None
        message = response.get("message", "")
        screen: str = response.get("screen", "")
        stacktrace = None
        if isinstance(status, int):
            value_json = response.get("value", None)
            if value_json and isinstance(value_json, str):
                try:
                    value = json.loads(value_json)
                    if isinstance(value, dict):
                        if len(value) == 1:
                            value = value["value"]
                        status = value.get("error", None)
                        if not status:
                            status = value.get("status", ErrorCode.UNKNOWN_ERROR)
                            message = value.get("value") or value.get("message")
                            if not isinstance(message, str):
                                value = message
                                message = message.get("message")
                        else:
                            message = value.get("message", None)
                except ValueError:
                    pass
    
        exception_class: type[WebDriverException]
        e = ErrorCode()
        error_codes = [item for item in dir(e) if not item.startswith("__")]
        for error_code in error_codes:
            error_info = getattr(ErrorCode, error_code)
            if isinstance(error_info, list) and status in error_info:
                exception_class = getattr(ExceptionMapping, error_code, WebDriverException)
                break
        else:
            exception_class = WebDriverException
    
        if not value:
            value = response["value"]
        if isinstance(value, str):
            raise exception_class(value)
        if message == "" and "message" in value:
            message = value["message"]
    
        screen = None  # type: ignore[assignment]
        if "screen" in value:
            screen = value["screen"]
    
        stacktrace = None
        st_value = value.get("stackTrace") or value.get("stacktrace")
        if st_value:
            if isinstance(st_value, str):
                stacktrace = st_value.split("\n")
            else:
                stacktrace = []
                try:
                    for frame in st_value:
                        line = frame.get("lineNumber", "")
                        file = frame.get("fileName", "&lt;anonymous&gt;")
                        if line:
                            file = f"{file}:{line}"
                        meth = frame.get("methodName", "&lt;anonymous&gt;")
                        if "className" in frame:
                            meth = f"{frame['className']}.{meth}"
                        msg = "    at %s (%s)"
                        msg = msg % (meth, file)
                        stacktrace.append(msg)
                except TypeError:
                    pass
        if exception_class == UnexpectedAlertPresentException:
            alert_text = None
            if "data" in value:
                alert_text = value["data"].get("text")
            elif "alert" in value:
                alert_text = value["alert"].get("text")
            raise exception_class(message, screen, stacktrace, alert_text)  # type: ignore[call-arg]  # mypy is not smart enough here
&gt;       raise exception_class(message, screen, stacktrace)
E       selenium.common.exceptions.NoSuchElementException: Message: no such element: Unable to locate element: {"method":"css selector","selector":"[name="full_name"]"}
E         (Session info: chrome=150.0.7871.129); For documentation on this error, please visit: https://www.selenium.dev/documentation/webdriver/troubleshooting/errors#nosuchelementexception
E       Stacktrace:
E       	chromedriver!GetHandleVerifier [0x7ff7d0140d25+155a5]
E       	chromedriver!GetHandleVerifier [0x7ff7d0140d80+15600]
E       	chromedriver!(No symbol) [0x7ff7cfc9594d]
E       	chromedriver!(No symbol) [0x7ff7cfcf08e9]
E       	chromedriver!(No symbol) [0x7ff7cfcf0bec]
E       	chromedriver!(No symbol) [0x7ff7cfd41437]
E       	chromedriver!(No symbol) [0x7ff7cfd3e01b]
E       	chromedriver!(No symbol) [0x7ff7cfce2e6c]
E       	chromedriver!(No symbol) [0x7ff7cfce3d93]
E       	chromedriver!GetHandleVerifier [0x7ff7d0726431+5facb1]
E       	chromedriver!GetHandleVerifier [0x7ff7d0720a9b+5f531b]
E       	chromedriver!GetHandleVerifier [0x7ff7d0745865+61a0e5]
E       	chromedriver!GetHandleVerifier [0x7ff7d015dace+3234e]
E       	chromedriver!GetHandleVerifier [0x7ff7d016661c+3ae9c]
E       	chromedriver!GetHandleVerifier [0x7ff7d014ab74+1f3f4]
E       	chromedriver!GetHandleVerifier [0x7ff7d014ad04+1f584]
E       	chromedriver!GetHandleVerifier [0x7ff7d012d9d7+2257]
E       	KERNEL32!BaseThreadInitThunk [0x7fffeaa8e957+17]
E       	ntdll!RtlUserThreadStart [0x7fffec4aad6c+2c]

venv\Lib\site-packages\selenium\webdriver\remote\errorhandler.py:232: NoSuchElementException</failure></testcase><testcase classname="unit.test_auth_extensive" name="test_login[test@gmail.com-pass123-200_0]" time="0.002" /><testcase classname="unit.test_auth_extensive" name="test_login[user@example.com-securepass-200_0]" time="0.001" /><testcase classname="unit.test_auth_extensive" name="test_login[invalid-pass-400_0]" time="0.001" /><testcase classname="unit.test_auth_extensive" name="test_login[wrong@gmail.com-wrongpass-401_0]" time="0.001" /><testcase classname="unit.test_auth_extensive" name="test_login[test@gmail.com-pass123-200_1]" time="0.002" /><testcase classname="unit.test_auth_extensive" name="test_login[user@example.com-securepass-200_1]" time="0.002" /><testcase classname="unit.test_auth_extensive" name="test_login[invalid-pass-400_1]" time="0.002" /><testcase classname="unit.test_auth_extensive" name="test_login[wrong@gmail.com-wrongpass-401_1]" time="0.002" /><testcase classname="unit.test_auth_extensive" name="test_login[test@gmail.com-pass123-200_2]" time="0.002" /><testcase classname="unit.test_auth_extensive" name="test_login[user@example.com-securepass-200_2]" time="0.002" /><testcase classname="unit.test_auth_extensive" name="test_login[invalid-pass-400_2]" time="0.002" /><testcase classname="unit.test_auth_extensive" name="test_login[wrong@gmail.com-wrongpass-401_2]" time="0.002" /><testcase classname="unit.test_auth_extensive" name="test_login[test@gmail.com-pass123-200_3]" time="0.001" /><testcase classname="unit.test_auth_extensive" name="test_login[user@example.com-securepass-200_3]" time="0.001" /><testcase classname="unit.test_auth_extensive" name="test_login[invalid-pass-400_3]" time="0.002" /><testcase classname="unit.test_auth_extensive" name="test_login[wrong@gmail.com-wrongpass-401_3]" time="0.002" /><testcase classname="unit.test_auth_extensive" name="test_login[test@gmail.com-pass123-200_4]" time="0.001" /><testcase classname="unit.test_auth_extensive" name="test_login[user@example.com-securepass-200_4]" time="0.001" /><testcase classname="unit.test_auth_extensive" name="test_login[invalid-pass-400_4]" time="0.001" /><testcase classname="unit.test_auth_extensive" name="test_login[wrong@gmail.com-wrongpass-401_4]" time="0.001" /><testcase classname="unit.test_auth_extensive" name="test_login[test@gmail.com-pass123-200_5]" time="0.002" /><testcase classname="unit.test_auth_extensive" name="test_login[user@example.com-securepass-200_5]" time="0.002" /><testcase classname="unit.test_auth_extensive" name="test_login[invalid-pass-400_5]" time="0.002" /><testcase classname="unit.test_auth_extensive" name="test_login[wrong@gmail.com-wrongpass-401_5]" time="0.002" /><testcase classname="unit.test_auth_extensive" name="test_login[test@gmail.com-pass123-200_6]" time="0.002" /><testcase classname="unit.test_auth_extensive" name="test_login[user@example.com-securepass-200_6]" time="0.002" /><testcase classname="unit.test_auth_extensive" name="test_login[invalid-pass-400_6]" time="0.002" /><testcase classname="unit.test_auth_extensive" name="test_login[wrong@gmail.com-wrongpass-401_6]" time="0.002" /><testcase classname="unit.test_auth_extensive" name="test_login[test@gmail.com-pass123-200_7]" time="0.002" /><testcase classname="unit.test_auth_extensive" name="test_login[user@example.com-securepass-200_7]" time="0.002" /><testcase classname="unit.test_auth_extensive" name="test_login[invalid-pass-400_7]" time="0.002" /><testcase classname="unit.test_auth_extensive" name="test_login[wrong@gmail.com-wrongpass-401_7]" time="0.002" /><testcase classname="unit.test_auth_extensive" name="test_login[test@gmail.com-pass123-200_8]" time="0.002" /><testcase classname="unit.test_auth_extensive" name="test_login[user@example.com-securepass-200_8]" time="0.002" /><testcase classname="unit.test_auth_extensive" name="test_login[invalid-pass-400_8]" time="0.002" /><testcase classname="unit.test_auth_extensive" name="test_login[wrong@gmail.com-wrongpass-401_8]" time="0.002" /><testcase classname="unit.test_auth_extensive" name="test_login[test@gmail.com-pass123-200_9]" time="0.002" /><testcase classname="unit.test_auth_extensive" name="test_login[user@example.com-securepass-200_9]" time="0.002" /><testcase classname="unit.test_auth_extensive" name="test_login[invalid-pass-400_9]" time="0.002" /><testcase classname="unit.test_auth_extensive" name="test_login[wrong@gmail.com-wrongpass-401_9]" time="0.002" /><testcase classname="unit.test_auth_extensive" name="test_login[test@gmail.com-pass123-200_10]" time="0.002" /><testcase classname="unit.test_auth_extensive" name="test_login[user@example.com-securepass-200_10]" time="0.002" /><testcase classname="unit.test_auth_extensive" name="test_login[invalid-pass-400_10]" time="0.002" /><testcase classname="unit.test_auth_extensive" name="test_login[wrong@gmail.com-wrongpass-401_10]" time="0.003" /><testcase classname="unit.test_auth_extensive" name="test_login[test@gmail.com-pass123-200_11]" time="0.006" /><testcase classname="unit.test_auth_extensive" name="test_login[user@example.com-securepass-200_11]" time="0.002" /><testcase classname="unit.test_auth_extensive" name="test_login[invalid-pass-400_11]" time="0.002" /><testcase classname="unit.test_auth_extensive" name="test_login[wrong@gmail.com-wrongpass-401_11]" time="0.002" /><testcase classname="unit.test_auth_extensive" name="test_login[test@gmail.com-pass123-200_12]" time="0.002" /><testcase classname="unit.test_auth_extensive" name="test_login[user@example.com-securepass-200_12]" time="0.002" /><testcase classname="unit.test_auth_extensive" name="test_login[invalid-pass-400_12]" time="0.001" /><testcase classname="unit.test_auth_extensive" name="test_login[wrong@gmail.com-wrongpass-401_12]" time="0.001" /><testcase classname="unit.test_auth_extensive" name="test_login[test@gmail.com-pass123-200_13]" time="0.001" /><testcase classname="unit.test_auth_extensive" name="test_login[user@example.com-securepass-200_13]" time="0.001" /><testcase classname="unit.test_auth_extensive" name="test_login[invalid-pass-400_13]" time="0.001" /><testcase classname="unit.test_auth_extensive" name="test_login[wrong@gmail.com-wrongpass-401_13]" time="0.001" /><testcase classname="unit.test_auth_extensive" name="test_login[test@gmail.com-pass123-200_14]" time="0.001" /><testcase classname="unit.test_auth_extensive" name="test_login[user@example.com-securepass-200_14]" time="0.002" /><testcase classname="unit.test_auth_extensive" name="test_login[invalid-pass-400_14]" time="0.002" /><testcase classname="unit.test_auth_extensive" name="test_login[wrong@gmail.com-wrongpass-401_14]" time="0.002" /><testcase classname="unit.test_auth_extensive" name="test_signup[Alice-alice@gmail.com-pass-200_0]" time="0.001" /><testcase classname="unit.test_auth_extensive" name="test_signup[-alice@gmail.com-pass-400_0]" time="0.001" /><testcase classname="unit.test_auth_extensive" name="test_signup[Bob-bob@example.com-pass123-200_0]" time="0.002" /><testcase classname="unit.test_auth_extensive" name="test_signup[Charlie-charlie@gmail.com--400_0]" time="0.002" /><testcase classname="unit.test_auth_extensive" name="test_signup[Alice-alice@gmail.com-pass-200_1]" time="0.001" /><testcase classname="unit.test_auth_extensive" name="test_signup[-alice@gmail.com-pass-400_1]" time="0.001" /><testcase classname="unit.test_auth_extensive" name="test_signup[Bob-bob@example.com-pass123-200_1]" time="0.001" /><testcase classname="unit.test_auth_extensive" name="test_signup[Charlie-charlie@gmail.com--400_1]" time="0.001" /><testcase classname="unit.test_auth_extensive" name="test_signup[Alice-alice@gmail.com-pass-200_2]" time="0.001" /><testcase classname="unit.test_auth_extensive" name="test_signup[-alice@gmail.com-pass-400_2]" time="0.001" /><testcase classname="unit.test_auth_extensive" name="test_signup[Bob-bob@example.com-pass123-200_2]" time="0.001" /><testcase classname="unit.test_auth_extensive" name="test_signup[Charlie-charlie@gmail.com--400_2]" time="0.001" /><testcase classname="unit.test_auth_extensive" name="test_signup[Alice-alice@gmail.com-pass-200_3]" time="0.001" /><testcase classname="unit.test_auth_extensive" name="test_signup[-alice@gmail.com-pass-400_3]" time="0.001" /><testcase classname="unit.test_auth_extensive" name="test_signup[Bob-bob@example.com-pass123-200_3]" time="0.001" /><testcase classname="unit.test_auth_extensive" name="test_signup[Charlie-charlie@gmail.com--400_3]" time="0.001" /><testcase classname="unit.test_auth_extensive" name="test_signup[Alice-alice@gmail.com-pass-200_4]" time="0.001" /><testcase classname="unit.test_auth_extensive" name="test_signup[-alice@gmail.com-pass-400_4]" time="0.001" /><testcase classname="unit.test_auth_extensive" name="test_signup[Bob-bob@example.com-pass123-200_4]" time="0.001" /><testcase classname="unit.test_auth_extensive" name="test_signup[Charlie-charlie@gmail.com--400_4]" time="0.002" /><testcase classname="unit.test_auth_extensive" name="test_signup[Alice-alice@gmail.com-pass-200_5]" time="0.002" /><testcase classname="unit.test_auth_extensive" name="test_signup[-alice@gmail.com-pass-400_5]" time="0.002" /><testcase classname="unit.test_auth_extensive" name="test_signup[Bob-bob@example.com-pass123-200_5]" time="0.004" /><testcase classname="unit.test_auth_extensive" name="test_signup[Charlie-charlie@gmail.com--400_5]" time="0.002" /><testcase classname="unit.test_auth_extensive" name="test_signup[Alice-alice@gmail.com-pass-200_6]" time="0.002" /><testcase classname="unit.test_auth_extensive" name="test_signup[-alice@gmail.com-pass-400_6]" time="0.002" /><testcase classname="unit.test_auth_extensive" name="test_signup[Bob-bob@example.com-pass123-200_6]" time="0.001" /><testcase classname="unit.test_auth_extensive" name="test_signup[Charlie-charlie@gmail.com--400_6]" time="0.002" /><testcase classname="unit.test_auth_extensive" name="test_signup[Alice-alice@gmail.com-pass-200_7]" time="0.001" /><testcase classname="unit.test_auth_extensive" name="test_signup[-alice@gmail.com-pass-400_7]" time="0.001" /><testcase classname="unit.test_auth_extensive" name="test_signup[Bob-bob@example.com-pass123-200_7]" time="0.001" /><testcase classname="unit.test_auth_extensive" name="test_signup[Charlie-charlie@gmail.com--400_7]" time="0.001" /><testcase classname="unit.test_auth_extensive" name="test_signup[Alice-alice@gmail.com-pass-200_8]" time="0.001" /><testcase classname="unit.test_auth_extensive" name="test_signup[-alice@gmail.com-pass-400_8]" time="0.001" /><testcase classname="unit.test_auth_extensive" name="test_signup[Bob-bob@example.com-pass123-200_8]" time="0.002" /><testcase classname="unit.test_auth_extensive" name="test_signup[Charlie-charlie@gmail.com--400_8]" time="0.002" /><testcase classname="unit.test_auth_extensive" name="test_signup[Alice-alice@gmail.com-pass-200_9]" time="0.002" /><testcase classname="unit.test_auth_extensive" name="test_signup[-alice@gmail.com-pass-400_9]" time="0.002" /><testcase classname="unit.test_auth_extensive" name="test_signup[Bob-bob@example.com-pass123-200_9]" time="0.001" /><testcase classname="unit.test_auth_extensive" name="test_signup[Charlie-charlie@gmail.com--400_9]" time="0.002" /><testcase classname="unit.test_diagnosis" name="test_diagnose[123-jpg-200_0]" time="0.001" /><testcase classname="unit.test_diagnosis" name="test_diagnose[123-png-200_0]" time="0.001" /><testcase classname="unit.test_diagnosis" name="test_diagnose[123-txt-400_0]" time="0.001" /><testcase classname="unit.test_diagnosis" name="test_diagnose[invalid-jpg-404_0]" time="0.001" /><testcase classname="unit.test_diagnosis" name="test_diagnose[123-jpg-200_1]" time="0.001" /><testcase classname="unit.test_diagnosis" name="test_diagnose[123-png-200_1]" time="0.002" /><testcase classname="unit.test_diagnosis" name="test_diagnose[123-txt-400_1]" time="0.002" /><testcase classname="unit.test_diagnosis" name="test_diagnose[invalid-jpg-404_1]" time="0.002" /><testcase classname="unit.test_diagnosis" name="test_diagnose[123-jpg-200_2]" time="0.002" /><testcase classname="unit.test_diagnosis" name="test_diagnose[123-png-200_2]" time="0.002" /><testcase classname="unit.test_diagnosis" name="test_diagnose[123-txt-400_2]" time="0.002" /><testcase classname="unit.test_diagnosis" name="test_diagnose[invalid-jpg-404_2]" time="0.002" /><testcase classname="unit.test_diagnosis" name="test_diagnose[123-jpg-200_3]" time="0.002" /><testcase classname="unit.test_diagnosis" name="test_diagnose[123-png-200_3]" time="0.002" /><testcase classname="unit.test_diagnosis" name="test_diagnose[123-txt-400_3]" time="0.001" /><testcase classname="unit.test_diagnosis" name="test_diagnose[invalid-jpg-404_3]" time="0.001" /><testcase classname="unit.test_diagnosis" name="test_diagnose[123-jpg-200_4]" time="0.002" /><testcase classname="unit.test_diagnosis" name="test_diagnose[123-png-200_4]" time="0.002" /><testcase classname="unit.test_diagnosis" name="test_diagnose[123-txt-400_4]" time="0.002" /><testcase classname="unit.test_diagnosis" name="test_diagnose[invalid-jpg-404_4]" time="0.002" /><testcase classname="unit.test_diagnosis" name="test_diagnose[123-jpg-200_5]" time="0.002" /><testcase classname="unit.test_diagnosis" name="test_diagnose[123-png-200_5]" time="0.002" /><testcase classname="unit.test_diagnosis" name="test_diagnose[123-txt-400_5]" time="0.001" /><testcase classname="unit.test_diagnosis" name="test_diagnose[invalid-jpg-404_5]" time="0.001" /><testcase classname="unit.test_diagnosis" name="test_diagnose[123-jpg-200_6]" time="0.001" /><testcase classname="unit.test_diagnosis" name="test_diagnose[123-png-200_6]" time="0.001" /><testcase classname="unit.test_diagnosis" name="test_diagnose[123-txt-400_6]" time="0.001" /><testcase classname="unit.test_diagnosis" name="test_diagnose[invalid-jpg-404_6]" time="0.001" /><testcase classname="unit.test_diagnosis" name="test_diagnose[123-jpg-200_7]" time="0.001" /><testcase classname="unit.test_diagnosis" name="test_diagnose[123-png-200_7]" time="0.001" /><testcase classname="unit.test_diagnosis" name="test_diagnose[123-txt-400_7]" time="0.001" /><testcase classname="unit.test_diagnosis" name="test_diagnose[invalid-jpg-404_7]" time="0.002" /><testcase classname="unit.test_diagnosis" name="test_diagnose[123-jpg-200_8]" time="0.001" /><testcase classname="unit.test_diagnosis" name="test_diagnose[123-png-200_8]" time="0.001" /><testcase classname="unit.test_diagnosis" name="test_diagnose[123-txt-400_8]" time="0.001" /><testcase classname="unit.test_diagnosis" name="test_diagnose[invalid-jpg-404_8]" time="0.002" /><testcase classname="unit.test_diagnosis" name="test_diagnose[123-jpg-200_9]" time="0.002" /><testcase classname="unit.test_diagnosis" name="test_diagnose[123-png-200_9]" time="0.002" /><testcase classname="unit.test_diagnosis" name="test_diagnose[123-txt-400_9]" time="0.002" /><testcase classname="unit.test_diagnosis" name="test_diagnose[invalid-jpg-404_9]" time="0.002" /><testcase classname="unit.test_diagnosis" name="test_reports[John-1_0]" time="0.002" /><testcase classname="unit.test_diagnosis" name="test_reports[Jane-1_0]" time="0.002" /><testcase classname="unit.test_diagnosis" name="test_reports[Unknown-0_0]" time="0.002" /><testcase classname="unit.test_diagnosis" name="test_reports[-5_0]" time="0.008" /><testcase classname="unit.test_diagnosis" name="test_reports[John-1_1]" time="0.002" /><testcase classname="unit.test_diagnosis" name="test_reports[Jane-1_1]" time="0.002" /><testcase classname="unit.test_diagnosis" name="test_reports[Unknown-0_1]" time="0.031" /><testcase classname="unit.test_diagnosis" name="test_reports[-5_1]" time="0.001" /><testcase classname="unit.test_diagnosis" name="test_reports[John-1_2]" time="0.002" /><testcase classname="unit.test_diagnosis" name="test_reports[Jane-1_2]" time="0.003" /><testcase classname="unit.test_diagnosis" name="test_reports[Unknown-0_2]" time="0.002" /><testcase classname="unit.test_diagnosis" name="test_reports[-5_2]" time="0.005" /><testcase classname="unit.test_diagnosis" name="test_reports[John-1_3]" time="0.004" /><testcase classname="unit.test_diagnosis" name="test_reports[Jane-1_3]" time="0.005" /><testcase classname="unit.test_diagnosis" name="test_reports[Unknown-0_3]" time="0.002" /><testcase classname="unit.test_diagnosis" name="test_reports[-5_3]" time="0.001" /><testcase classname="unit.test_diagnosis" name="test_reports[John-1_4]" time="0.001" /><testcase classname="unit.test_diagnosis" name="test_reports[Jane-1_4]" time="0.001" /><testcase classname="unit.test_diagnosis" name="test_reports[Unknown-0_4]" time="0.001" /><testcase classname="unit.test_diagnosis" name="test_reports[-5_4]" time="0.001" /><testcase classname="unit.test_diagnosis" name="test_reports[John-1_5]" time="0.001" /><testcase classname="unit.test_diagnosis" name="test_reports[Jane-1_5]" time="0.001" /><testcase classname="unit.test_diagnosis" name="test_reports[Unknown-0_5]" time="0.001" /><testcase classname="unit.test_diagnosis" name="test_reports[-5_5]" time="0.001" /><testcase classname="unit.test_diagnosis" name="test_reports[John-1_6]" time="0.001" /><testcase classname="unit.test_diagnosis" name="test_reports[Jane-1_6]" time="0.001" /><testcase classname="unit.test_diagnosis" name="test_reports[Unknown-0_6]" time="0.003" /><testcase classname="unit.test_diagnosis" name="test_reports[-5_6]" time="0.002" /><testcase classname="unit.test_diagnosis" name="test_reports[John-1_7]" time="0.002" /><testcase classname="unit.test_diagnosis" name="test_reports[Jane-1_7]" time="0.002" /><testcase classname="unit.test_diagnosis" name="test_reports[Unknown-0_7]" time="0.002" /><testcase classname="unit.test_diagnosis" name="test_reports[-5_7]" time="0.002" /><testcase classname="unit.test_diagnosis" name="test_reports[John-1_8]" time="0.002" /><testcase classname="unit.test_diagnosis" name="test_reports[Jane-1_8]" time="0.001" /><testcase classname="unit.test_diagnosis" name="test_reports[Unknown-0_8]" time="0.001" /><testcase classname="unit.test_diagnosis" name="test_reports[-5_8]" time="0.002" /><testcase classname="unit.test_diagnosis" name="test_reports[John-1_9]" time="0.001" /><testcase classname="unit.test_diagnosis" name="test_reports[Jane-1_9]" time="0.001" /><testcase classname="unit.test_diagnosis" name="test_reports[Unknown-0_9]" time="0.001" /><testcase classname="unit.test_diagnosis" name="test_reports[-5_9]" time="0.001" /><testcase classname="tests.test_auth_flows" name="test_login_matrix[doc@example.com-password123-True]" time="7.114" /><testcase classname="tests.test_auth_flows" name="test_login_matrix[nurse@example.com-pass1234-True]" time="7.486" /><testcase classname="tests.test_auth_flows" name="test_login_matrix[admin@example.com-admin123-True]" time="8.189" /><testcase classname="tests.test_auth_flows" name="test_login_matrix[test1@example.com-test1234-True]" time="8.071" /><testcase classname="tests.test_auth_flows" name="test_login_matrix[test2@example.com-test1234-True]" time="8.159" /><testcase classname="tests.test_auth_flows" name="test_login_matrix[test3@example.com-test1234-True]" time="10.666" /><testcase classname="tests.test_auth_flows" name="test_login_matrix[test4@example.com-test1234-True]" time="9.680" /><testcase classname="tests.test_auth_flows" name="test_login_matrix[test5@example.com-test1234-True]" time="7.841" /><testcase classname="tests.test_auth_flows" name="test_login_matrix[test6@example.com-test1234-True]" time="8.259" /><testcase classname="tests.test_auth_flows" name="test_login_matrix[test7@example.com-test1234-True]" time="7.255" /><testcase classname="tests.test_auth_flows" name="test_login_matrix[doc.example.com-password123-False]" time="7.544" /><testcase classname="tests.test_auth_flows" name="test_login_matrix[doc@-password123-False]" time="8.965" /><testcase classname="tests.test_auth_flows" name="test_login_matrix[@example.com-password123-False]" time="7.280" /><testcase classname="tests.test_auth_flows" name="test_login_matrix[doc@example-password123-False]" time="8.660" /><testcase classname="tests.test_auth_flows" name="test_login_matrix[doc@.com-password123-False]" time="8.615" /><testcase classname="tests.test_auth_flows" name="test_login_matrix[ doc@example.com-password123-False]" time="9.681" /><testcase classname="tests.test_auth_flows" name="test_login_matrix[doc@example.com -password123-False]" time="7.915" /><testcase time="4.656" /><testcase classname="pytest" name="internal" time="0.000"><error message="internal error">Traceback (most recent call last):
  File "c:\Users\heman\OralDiagnosisAI-Web\venv\Lib\site-packages\_pytest\main.py", line 289, in wrap_session
    session.exitstatus = doit(config, session) or 0
                         ^^^^^^^^^^^^^^^^^^^^^
  File "c:\Users\heman\OralDiagnosisAI-Web\venv\Lib\site-packages\_pytest\main.py", line 343, in _main
    config.hook.pytest_runtestloop(session=session)
  File "c:\Users\heman\OralDiagnosisAI-Web\venv\Lib\site-packages\pluggy\_hooks.py", line 512, in __call__
    return self._hookexec(self.name, self._hookimpls.copy(), kwargs, firstresult)
           ^^^^^^^^^^^^^^^^^^^^^^^^^^^^^^^^^^^^^^^^^^^^^^^^^^^^^^^^^^^^^^^^^^^^^^
  File "c:\Users\heman\OralDiagnosisAI-Web\venv\Lib\site-packages\pluggy\_manager.py", line 120, in _hookexec
    return self._inner_hookexec(hook_name, methods, kwargs, firstresult)
           ^^^^^^^^^^^^^^^^^^^^^^^^^^^^^^^^^^^^^^^^^^^^^^^^^^^^^^^^^^^^^
  File "c:\Users\heman\OralDiagnosisAI-Web\venv\Lib\site-packages\pluggy\_callers.py", line 167, in _multicall
    raise exception
  File "c:\Users\heman\OralDiagnosisAI-Web\venv\Lib\site-packages\pluggy\_callers.py", line 139, in _multicall
    teardown.throw(exception)
  File "c:\Users\heman\OralDiagnosisAI-Web\venv\Lib\site-packages\_pytest\logging.py", line 801, in pytest_runtestloop
    return (yield)  # Run all the tests.
            ^^^^^
  File "c:\Users\heman\OralDiagnosisAI-Web\venv\Lib\site-packages\pluggy\_callers.py", line 139, in _multicall
    teardown.throw(exception)
  File "c:\Users\heman\OralDiagnosisAI-Web\venv\Lib\site-packages\_pytest\terminal.py", line 688, in pytest_runtestloop
    result = yield
             ^^^^^
  File "c:\Users\heman\OralDiagnosisAI-Web\venv\Lib\site-packages\pluggy\_callers.py", line 139, in _multicall
    teardown.throw(exception)
  File "c:\Users\heman\OralDiagnosisAI-Web\venv\Lib\site-packages\pluggy\_callers.py", line 53, in run_old_style_hookwrapper
    return result.get_result()
           ^^^^^^^^^^^^^^^^^^^
  File "c:\Users\heman\OralDiagnosisAI-Web\venv\Lib\site-packages\pluggy\_result.py", line 103, in get_result
    raise exc.with_traceback(tb)
  File "c:\Users\heman\OralDiagnosisAI-Web\venv\Lib\site-packages\pluggy\_callers.py", line 38, in run_old_style_hookwrapper
    res = yield
          ^^^^^
  File "c:\Users\heman\OralDiagnosisAI-Web\venv\Lib\site-packages\pluggy\_callers.py", line 121, in _multicall
    res = hook_impl.function(*args)
          ^^^^^^^^^^^^^^^^^^^^^^^^^
  File "c:\Users\heman\OralDiagnosisAI-Web\venv\Lib\site-packages\_pytest\main.py", line 367, in pytest_runtestloop
    item.config.hook.pytest_runtest_protocol(item=item, nextitem=nextitem)
  File "c:\Users\heman\OralDiagnosisAI-Web\venv\Lib\site-packages\pluggy\_hooks.py", line 512, in __call__
    return self._hookexec(self.name, self._hookimpls.copy(), kwargs, firstresult)
           ^^^^^^^^^^^^^^^^^^^^^^^^^^^^^^^^^^^^^^^^^^^^^^^^^^^^^^^^^^^^^^^^^^^^^^
  File "c:\Users\heman\OralDiagnosisAI-Web\venv\Lib\site-packages\pluggy\_manager.py", line 120, in _hookexec
    return self._inner_hookexec(hook_name, methods, kwargs, firstresult)
           ^^^^^^^^^^^^^^^^^^^^^^^^^^^^^^^^^^^^^^^^^^^^^^^^^^^^^^^^^^^^^
  File "c:\Users\heman\OralDiagnosisAI-Web\venv\Lib\site-packages\pluggy\_callers.py", line 167, in _multicall
    raise exception
  File "c:\Users\heman\OralDiagnosisAI-Web\venv\Lib\site-packages\pluggy\_callers.py", line 139, in _multicall
    teardown.throw(exception)
  File "c:\Users\heman\OralDiagnosisAI-Web\venv\Lib\site-packages\_pytest\warnings.py", line 90, in pytest_runtest_protocol
    return (yield)
            ^^^^^
  File "c:\Users\heman\OralDiagnosisAI-Web\venv\Lib\site-packages\pluggy\_callers.py", line 139, in _multicall
    teardown.throw(exception)
  File "c:\Users\heman\OralDiagnosisAI-Web\venv\Lib\site-packages\_pytest\assertion\__init__.py", line 192, in pytest_runtest_protocol
    return (yield)
            ^^^^^
  File "c:\Users\heman\OralDiagnosisAI-Web\venv\Lib\site-packages\pluggy\_callers.py", line 139, in _multicall
    teardown.throw(exception)
  File "c:\Users\heman\OralDiagnosisAI-Web\venv\Lib\site-packages\_pytest\unittest.py", line 475, in pytest_runtest_protocol
    return (yield)
            ^^^^^
  File "c:\Users\heman\OralDiagnosisAI-Web\venv\Lib\site-packages\pluggy\_callers.py", line 139, in _multicall
    teardown.throw(exception)
  File "c:\Users\heman\OralDiagnosisAI-Web\venv\Lib\site-packages\_pytest\faulthandler.py", line 88, in pytest_runtest_protocol
    return (yield)
            ^^^^^
  File "c:\Users\heman\OralDiagnosisAI-Web\venv\Lib\site-packages\pluggy\_callers.py", line 121, in _multicall
    res = hook_impl.function(*args)
          ^^^^^^^^^^^^^^^^^^^^^^^^^
  File "c:\Users\heman\OralDiagnosisAI-Web\venv\Lib\site-packages\_pytest\runner.py", line 117, in pytest_runtest_protocol
    runtestprotocol(item, nextitem=nextitem)
  File "c:\Users\heman\OralDiagnosisAI-Web\venv\Lib\site-packages\_pytest\runner.py", line 136, in runtestprotocol
    reports.append(call_and_report(item, "call", log))
                   ^^^^^^^^^^^^^^^^^^^^^^^^^^^^^^^^^^
  File "c:\Users\heman\OralDiagnosisAI-Web\venv\Lib\site-packages\_pytest\runner.py", line 248, in call_and_report
    report: TestReport = ihook.pytest_runtest_makereport(item=item, call=call)
                         ^^^^^^^^^^^^^^^^^^^^^^^^^^^^^^^^^^^^^^^^^^^^^^^^^^^^^
  File "c:\Users\heman\OralDiagnosisAI-Web\venv\Lib\site-packages\pluggy\_hooks.py", line 512, in __call__
    return self._hookexec(self.name, self._hookimpls.copy(), kwargs, firstresult)
           ^^^^^^^^^^^^^^^^^^^^^^^^^^^^^^^^^^^^^^^^^^^^^^^^^^^^^^^^^^^^^^^^^^^^^^
  File "c:\Users\heman\OralDiagnosisAI-Web\venv\Lib\site-packages\pluggy\_manager.py", line 120, in _hookexec
    return self._inner_hookexec(hook_name, methods, kwargs, firstresult)
           ^^^^^^^^^^^^^^^^^^^^^^^^^^^^^^^^^^^^^^^^^^^^^^^^^^^^^^^^^^^^^
  File "c:\Users\heman\OralDiagnosisAI-Web\venv\Lib\site-packages\pluggy\_callers.py", line 167, in _multicall
    raise exception
  File "c:\Users\heman\OralDiagnosisAI-Web\venv\Lib\site-packages\pluggy\_callers.py", line 139, in _multicall
    teardown.throw(exception)
  File "c:\Users\heman\OralDiagnosisAI-Web\venv\Lib\site-packages\pluggy\_callers.py", line 43, in run_old_style_hookwrapper
    teardown.send(result)
  File "C:\Users\heman\OralDiagnosisAI-Web\venv\Lib\site-packages\pytest_html\plugin.py", line 129, in pytest_runtest_makereport
    report = outcome.get_result()
             ^^^^^^^^^^^^^^^^^^^^
  File "c:\Users\heman\OralDiagnosisAI-Web\venv\Lib\site-packages\pluggy\_result.py", line 103, in get_result
    raise exc.with_traceback(tb)
  File "c:\Users\heman\OralDiagnosisAI-Web\venv\Lib\site-packages\pluggy\_callers.py", line 38, in run_old_style_hookwrapper
    res = yield
          ^^^^^
  File "c:\Users\heman\OralDiagnosisAI-Web\venv\Lib\site-packages\pluggy\_callers.py", line 139, in _multicall
    teardown.throw(exception)
  File "c:\Users\heman\OralDiagnosisAI-Web\venv\Lib\site-packages\_pytest\tmpdir.py", line 308, in pytest_runtest_makereport
    rep = yield
          ^^^^^
  File "c:\Users\heman\OralDiagnosisAI-Web\venv\Lib\site-packages\pluggy\_callers.py", line 152, in _multicall
    teardown.send(result)
  File "c:\Users\heman\OralDiagnosisAI-Web\venv\Lib\site-packages\pluggy\_callers.py", line 43, in run_old_style_hookwrapper
    teardown.send(result)
  File "C:\Users\heman\OralDiagnosisAI-Web\selenium\conftest.py", line 51, in pytest_runtest_makereport
    path = capture_screenshot(item.funcargs["driver"], ROOT / "screenshots", item.name)
           ^^^^^^^^^^^^^^^^^^^^^^^^^^^^^^^^^^^^^^^^^^^^^^^^^^^^^^^^^^^^^^^^^^^^^^^^^^^^
  File "C:\Users\heman\OralDiagnosisAI-Web\selenium\utils\framework.py", line 45, in capture_screenshot
    driver.save_screenshot(str(path))
  File "c:\Users\heman\OralDiagnosisAI-Web\venv\Lib\site-packages\selenium\webdriver\remote\webdriver.py", line 1021, in save_screenshot
    return self.get_screenshot_as_file(filename)
           ^^^^^^^^^^^^^^^^^^^^^^^^^^^^^^^^^^^^^
  File "c:\Users\heman\OralDiagnosisAI-Web\venv\Lib\site-packages\selenium\webdriver\remote\webdriver.py", line 996, in get_screenshot_as_file
    png = self.get_screenshot_as_png()
          ^^^^^^^^^^^^^^^^^^^^^^^^^^^^
  File "c:\Users\heman\OralDiagnosisAI-Web\venv\Lib\site-packages\selenium\webdriver\remote\webdriver.py", line 1030, in get_screenshot_as_png
    return b64decode(self.get_screenshot_as_base64().encode("ascii"))
                     ^^^^^^^^^^^^^^^^^^^^^^^^^^^^^^^
  File "c:\Users\heman\OralDiagnosisAI-Web\venv\Lib\site-packages\selenium\webdriver\remote\webdriver.py", line 1040, in get_screenshot_as_base64
    return self.execute(Command.SCREENSHOT)["value"]
           ^^^^^^^^^^^^^^^^^^^^^^^^^^^^^^^^
  File "c:\Users\heman\OralDiagnosisAI-Web\venv\Lib\site-packages\selenium\webdriver\remote\webdriver.py", line 454, in execute
    self.error_handler.check_response(response)
  File "c:\Users\heman\OralDiagnosisAI-Web\venv\Lib\site-packages\selenium\webdriver\remote\errorhandler.py", line 232, in check_response
    raise exception_class(message, screen, stacktrace)
selenium.common.exceptions.InvalidSessionIdException: Message: invalid session id; For documentation on this error, please visit: https://www.selenium.dev/documentation/webdriver/troubleshooting/errors#invalidsessionidexception
Stacktrace:
	chromedriver!GetHandleVerifier [0xe75843+10883]
	chromedriver!GetHandleVerifier [0xe75884+108c4]
	chromedriver!(No symbol) [0xc78f1e]
	chromedriver!(No symbol) [0xcb78e7]
	chromedriver!(No symbol) [0xce5526]
	chromedriver!(No symbol) [0xce0762]
	chromedriver!(No symbol) [0xce0141]
	chromedriver!(No symbol) [0xc4c731]
	chromedriver!(No symbol) [0xc4ccd3]
	chromedriver!(No symbol) [0xc4d18d]
	chromedriver!GetHandleVerifier [0x110ced6+2a7f16]
	chromedriver!GetHandleVerifier [0x110847b+2a34bb]
	chromedriver!GetHandleVerifier [0x11294eb+2c452b]
	chromedriver!GetHandleVerifier [0xe8f566+2a5a6]
	chromedriver!GetHandleVerifier [0xe9620d+3124d]
	chromedriver!(No symbol) [0xc4c3e0]
	chromedriver!(No symbol) [0xc4ba92]
	chromedriver!GetHandleVerifier [0x126ec1f+409c5f]
	KERNEL32!BaseThreadInitThunk [0x76105d49+19]
	ntdll!RtlInitializeExceptionChain [0x7716e00b+6b]
	ntdll!RtlGetAppContainerNamedObjectPath [0x7716df91+231]</error></testcase></testsuite></testsuites>